Archive member included because of file (symbol)

c:/freescale/kds_v3/toolchain/bin/../lib/gcc/arm-none-eabi/4.8.4/armv6-m\libgcc.a(_udivsi3.o)
                              ./utilities/fsl_debug_console.o (__aeabi_uidiv)
c:/freescale/kds_v3/toolchain/bin/../lib/gcc/arm-none-eabi/4.8.4/armv6-m\libgcc.a(_divsi3.o)
                              ./utilities/fsl_debug_console.o (__aeabi_idiv)
c:/freescale/kds_v3/toolchain/bin/../lib/gcc/arm-none-eabi/4.8.4/armv6-m\libgcc.a(_dvmd_tls.o)
                              c:/freescale/kds_v3/toolchain/bin/../lib/gcc/arm-none-eabi/4.8.4/armv6-m\libgcc.a(_udivsi3.o) (__aeabi_idiv0)
c:/freescale/kds_v3/toolchain/bin/../lib/gcc/arm-none-eabi/4.8.4/armv6-m\libgcc.a(_aeabi_uldivmod.o)
                              ./source/main.o (__aeabi_uldivmod)
c:/freescale/kds_v3/toolchain/bin/../lib/gcc/arm-none-eabi/4.8.4/armv6-m\libgcc.a(_muldi3.o)
                              ./source/main.o (__aeabi_lmul)
c:/freescale/kds_v3/toolchain/bin/../lib/gcc/arm-none-eabi/4.8.4/armv6-m\libgcc.a(_fixunssfsi.o)
                              ./gizwits/gizwits_protocol.o (__aeabi_f2uiz)
c:/freescale/kds_v3/toolchain/bin/../lib/gcc/arm-none-eabi/4.8.4/armv6-m\libgcc.a(bpabi.o)
                              c:/freescale/kds_v3/toolchain/bin/../lib/gcc/arm-none-eabi/4.8.4/armv6-m\libgcc.a(_aeabi_uldivmod.o) (__gnu_uldivmod_helper)
c:/freescale/kds_v3/toolchain/bin/../lib/gcc/arm-none-eabi/4.8.4/armv6-m\libgcc.a(addsf3.o)
                              ./gizwits/gizwits_protocol.o (__aeabi_fadd)
c:/freescale/kds_v3/toolchain/bin/../lib/gcc/arm-none-eabi/4.8.4/armv6-m\libgcc.a(divsf3.o)
                              ./gizwits/gizwits_protocol.o (__aeabi_fdiv)
c:/freescale/kds_v3/toolchain/bin/../lib/gcc/arm-none-eabi/4.8.4/armv6-m\libgcc.a(mulsf3.o)
                              ./gizwits/gizwits_protocol.o (__aeabi_fmul)
c:/freescale/kds_v3/toolchain/bin/../lib/gcc/arm-none-eabi/4.8.4/armv6-m\libgcc.a(subsf3.o)
                              ./gizwits/gizwits_protocol.o (__aeabi_fsub)
c:/freescale/kds_v3/toolchain/bin/../lib/gcc/arm-none-eabi/4.8.4/armv6-m\libgcc.a(fixsfsi.o)
                              c:/freescale/kds_v3/toolchain/bin/../lib/gcc/arm-none-eabi/4.8.4/armv6-m\libgcc.a(_fixunssfsi.o) (__aeabi_f2iz)
c:/freescale/kds_v3/toolchain/bin/../lib/gcc/arm-none-eabi/4.8.4/armv6-m\libgcc.a(floatunsisf.o)
                              ./gizwits/gizwits_protocol.o (__aeabi_ui2f)
c:/freescale/kds_v3/toolchain/bin/../lib/gcc/arm-none-eabi/4.8.4/armv6-m\libgcc.a(_arm_cmpsf2.o)
                              c:/freescale/kds_v3/toolchain/bin/../lib/gcc/arm-none-eabi/4.8.4/armv6-m\libgcc.a(_fixunssfsi.o) (__aeabi_fcmpge)
c:/freescale/kds_v3/toolchain/bin/../lib/gcc/arm-none-eabi/4.8.4/armv6-m\libgcc.a(_clzsi2.o)
                              c:/freescale/kds_v3/toolchain/bin/../lib/gcc/arm-none-eabi/4.8.4/armv6-m\libgcc.a(addsf3.o) (__clzsi2)
c:/freescale/kds_v3/toolchain/bin/../lib/gcc/arm-none-eabi/4.8.4/armv6-m\libgcc.a(_divdi3.o)
                              c:/freescale/kds_v3/toolchain/bin/../lib/gcc/arm-none-eabi/4.8.4/armv6-m\libgcc.a(bpabi.o) (__divdi3)
c:/freescale/kds_v3/toolchain/bin/../lib/gcc/arm-none-eabi/4.8.4/armv6-m\libgcc.a(_udivdi3.o)
                              c:/freescale/kds_v3/toolchain/bin/../lib/gcc/arm-none-eabi/4.8.4/armv6-m\libgcc.a(bpabi.o) (__udivdi3)
c:/freescale/kds_v3/toolchain/bin/../lib/gcc/arm-none-eabi/4.8.4/armv6-m\libgcc.a(eqsf2.o)
                              c:/freescale/kds_v3/toolchain/bin/../lib/gcc/arm-none-eabi/4.8.4/armv6-m\libgcc.a(_arm_cmpsf2.o) (__eqsf2)
c:/freescale/kds_v3/toolchain/bin/../lib/gcc/arm-none-eabi/4.8.4/armv6-m\libgcc.a(gesf2.o)
                              c:/freescale/kds_v3/toolchain/bin/../lib/gcc/arm-none-eabi/4.8.4/armv6-m\libgcc.a(_arm_cmpsf2.o) (__gesf2)
c:/freescale/kds_v3/toolchain/bin/../lib/gcc/arm-none-eabi/4.8.4/armv6-m\libgcc.a(lesf2.o)
                              c:/freescale/kds_v3/toolchain/bin/../lib/gcc/arm-none-eabi/4.8.4/armv6-m\libgcc.a(_arm_cmpsf2.o) (__lesf2)
c:/freescale/kds_v3/toolchain/bin/../lib/gcc/arm-none-eabi/4.8.4/../../../../arm-none-eabi/lib/armv6-m\libg_s.a(lib_a-errno.o)
                              ./utilities/fsl_sbrk.o (__errno)
c:/freescale/kds_v3/toolchain/bin/../lib/gcc/arm-none-eabi/4.8.4/../../../../arm-none-eabi/lib/armv6-m\libg_s.a(lib_a-exit.o)
                              c:/freescale/kds_v3/toolchain/bin/../lib/gcc/arm-none-eabi/4.8.4/../../../../arm-none-eabi/lib/armv6-m/crt0.o (exit)
c:/freescale/kds_v3/toolchain/bin/../lib/gcc/arm-none-eabi/4.8.4/../../../../arm-none-eabi/lib/armv6-m\libg_s.a(lib_a-impure.o)
                              c:/freescale/kds_v3/toolchain/bin/../lib/gcc/arm-none-eabi/4.8.4/../../../../arm-none-eabi/lib/armv6-m\libg_s.a(lib_a-exit.o) (_global_impure_ptr)
c:/freescale/kds_v3/toolchain/bin/../lib/gcc/arm-none-eabi/4.8.4/../../../../arm-none-eabi/lib/armv6-m\libg_s.a(lib_a-init.o)
[...]
Memory Configuration

Name             Origin             Length             Attributes
m_interrupts     0x00000000         0x00000200         xr
m_flash_config   0x00000400         0x00000010         xr
m_text           0x00000410         0x0003fbf0         xr
m_data           0x1fffe000         0x00008000         rw
*default*        0x00000000         0xffffffff

Linker script and memory map

LOAD c:/freescale/kds_v3/toolchain/bin/../lib/gcc/arm-none-eabi/4.8.4/armv6-m/crti.o
LOAD c:/freescale/kds_v3/toolchain/bin/../lib/gcc/arm-none-eabi/4.8.4/armv6-m/crtbegin.o
LOAD c:/freescale/kds_v3/toolchain/bin/../lib/gcc/arm-none-eabi/4.8.4/../../../../arm-none-eabi/lib/armv6-m/crt0.o
LOAD ./utilities/fsl_debug_console.o
LOAD ./utilities/fsl_notifier.o
LOAD ./utilities/fsl_sbrk.o
LOAD ./utilities/fsl_shell.o
LOAD ./startup/startup_MKL46Z4.o
LOAD ./startup/system_MKL46Z4.o
LOAD ./source/main.o
LOAD ./hal_key/hal_key.o
LOAD ./gizwits/gizwits_product.o
LOAD ./gizwits/gizwits_protocol.o
LOAD ./drivers/fsl_adc16.o
LOAD ./drivers/fsl_clock.o
LOAD ./drivers/fsl_cmp.o
LOAD ./drivers/fsl_common.o
LOAD ./drivers/fsl_cop.o
LOAD ./drivers/fsl_dac.o
LOAD ./drivers/fsl_dma.o
LOAD ./drivers/fsl_dmamux.o
LOAD ./drivers/fsl_flash.o
LOAD ./drivers/fsl_gpio.o
LOAD ./drivers/fsl_i2c.o
LOAD ./drivers/fsl_i2c_dma.o
LOAD ./drivers/fsl_llwu.o
LOAD ./drivers/fsl_lpsci.o
LOAD ./drivers/fsl_lpsci_dma.o
LOAD ./drivers/fsl_lptmr.o
LOAD ./drivers/fsl_pit.o
LOAD ./drivers/fsl_pmc.o
LOAD ./drivers/fsl_rcm.o
LOAD ./drivers/fsl_rtc.o
LOAD ./drivers/fsl_sai.o
LOAD ./drivers/fsl_sai_dma.o
LOAD ./drivers/fsl_sim.o
LOAD ./drivers/fsl_slcd.o
LOAD ./drivers/fsl_smc.o
LOAD ./drivers/fsl_spi.o
LOAD ./drivers/fsl_spi_dma.o
LOAD ./drivers/fsl_tpm.o
LOAD ./drivers/fsl_tsi_v4.o
LOAD ./drivers/fsl_uart.o
LOAD ./drivers/fsl_uart_dma.o
LOAD ./board/board.o
LOAD ./board/clock_config.o
LOAD ./board/pin_mux.o
LOAD c:/freescale/kds_v3/toolchain/bin/../lib/gcc/arm-none-eabi/4.8.4/../../../../arm-none-eabi/lib/armv6-m\libstdc++_s.a
LOAD c:/freescale/kds_v3/toolchain/bin/../lib/gcc/arm-none-eabi/4.8.4/../../../../arm-none-eabi/lib/armv6-m\libm.a
START GROUP
LOAD c:/freescale/kds_v3/toolchain/bin/../lib/gcc/arm-none-eabi/4.8.4/armv6-m\libgcc.a
LOAD c:/freescale/kds_v3/toolchain/bin/../lib/gcc/arm-none-eabi/4.8.4/../../../../arm-none-eabi/lib/armv6-m\libg_s.a
LOAD c:/freescale/kds_v3/toolchain/bin/../lib/gcc/arm-none-eabi/4.8.4/../../../../arm-none-eabi/lib/armv6-m\libc_s.a
END GROUP
START GROUP
LOAD c:/freescale/kds_v3/toolchain/bin/../lib/gcc/arm-none-eabi/4.8.4/armv6-m\libgcc.a
LOAD c:/freescale/kds_v3/toolchain/bin/../lib/gcc/arm-none-eabi/4.8.4/../../../../arm-none-eabi/lib/armv6-m\libc_s.a
LOAD c:/freescale/kds_v3/toolchain/bin/../lib/gcc/arm-none-eabi/4.8.4/../../../../arm-none-eabi/lib/armv6-m\libnosys.a
END GROUP
START GROUP
LOAD c:/freescale/kds_v3/toolchain/bin/../lib/gcc/arm-none-eabi/4.8.4/armv6-m\libgcc.a
LOAD c:/freescale/kds_v3/toolchain/bin/../lib/gcc/arm-none-eabi/4.8.4/../../../../arm-none-eabi/lib/armv6-m\libc_s.a
LOAD c:/freescale/kds_v3/toolchain/bin/../lib/gcc/arm-none-eabi/4.8.4/../../../../arm-none-eabi/lib/armv6-m\libnosys.a
END GROUP
LOAD c:/freescale/kds_v3/toolchain/bin/../lib/gcc/arm-none-eabi/4.8.4/armv6-m/crtend.o
LOAD c:/freescale/kds_v3/toolchain/bin/../lib/gcc/arm-none-eabi/4.8.4/armv6-m/crtn.o
                0x00000100                HEAP_SIZE = 0x100
                0x00001000                STACK_SIZE = 0x1000
                0x00000000                M_VECTOR_RAM_SIZE = DEFINED (__ram_vector_table__)?0x200:0x0

.interrupts     0x00000000       0xc0
                0x00000000                __VECTOR_TABLE = .
                0x00000000                . = ALIGN (0x4)
 *(.isr_vector)
 .isr_vector    0x00000000       0xc0 ./startup/startup_MKL46Z4.o
                0x00000000                __isr_vector
                0x000000c0                . = ALIGN (0x4)

.flash_config   0x00000400       0x10
                0x00000400                . = ALIGN (0x4)
 *(.FlashConfig)
 .FlashConfig   0x00000400       0x10 ./startup/startup_MKL46Z4.o
                0x00000410                . = ALIGN (0x4)

.text           0x00000410     0x716c
                0x00000410                . = ALIGN (0x4)
 *(.text)
 .text          0x00000410       0x60 c:/freescale/kds_v3/toolchain/bin/../lib/gcc/arm-none-eabi/4.8.4/armv6-m/crtbegin.o
 .text          0x00000470       0x78 c:/freescale/kds_v3/toolchain/bin/../lib/gcc/arm-none-eabi/4.8.4/../../../../arm-none-eabi/lib/armv6-m/crt0.o
                0x00000470                _start
                0x00000470                _mainCRTStartup
 .text          0x000004e8       0xd0 ./startup/startup_MKL46Z4.o
                0x000004e8                Reset_Handler
                0x00000528                DAC0_IRQHandler
                0x00000528                PIT_IRQHandler
                0x00000528                USB0_IRQHandler
                0x00000528                PORTC_PORTD_IRQHandler
                0x00000528                CMP0_IRQHandler
                0x00000528                LPTMR0_IRQHandler
                0x00000528                TPM0_IRQHandler
                0x00000528                FTFA_IRQHandler
                0x00000528                LLWU_IRQHandler
                0x00000528                TSI0_IRQHandler
                0x00000528                PORTA_IRQHandler
                0x00000528                ADC0_IRQHandler
                0x00000528                LVD_LVW_IRQHandler
                0x00000528                DefaultISR
                0x00000528                TPM2_IRQHandler
                0x00000528                RTC_IRQHandler
                0x00000528                LCD_IRQHandler
                0x00000528                Reserved20_IRQHandler
                0x00000528                RTC_Seconds_IRQHandler
                0x00000528                MCG_IRQHandler
                0x00000528                TPM1_IRQHandler
                0x0000052c                NMI_Handler
                0x00000530                HardFault_Handler
                0x00000534                SVC_Handler
                0x00000538                PendSV_Handler
                0x00000540                DMA0_IRQHandler
                0x00000544                DMA1_IRQHandler
                0x00000548                DMA2_IRQHandler
                0x0000054c                DMA3_IRQHandler
                0x00000550                I2C0_IRQHandler
                0x00000554                I2C1_IRQHandler
                0x00000558                SPI0_IRQHandler
                0x0000055c                SPI1_IRQHandler
                0x00000560                UART0_IRQHandler
                0x00000568                UART2_IRQHandler
                0x0000056c                I2S0_IRQHandler
 .text          0x000005b8       0x9c c:/freescale/kds_v3/toolchain/bin/../lib/gcc/arm-none-eabi/4.8.4/armv6-m\libgcc.a(_udivsi3.o)
                0x000005b8                __aeabi_uidiv
                0x000005b8                __udivsi3
                0x00000640                __aeabi_uidivmod
 .text          0x00000654       0xc0 c:/freescale/kds_v3/toolchain/bin/../lib/gcc/arm-none-eabi/4.8.4/armv6-m\libgcc.a(_divsi3.o)
                0x00000654                __divsi3
                0x00000654                __aeabi_idiv
                0x00000700                __aeabi_idivmod
 .text          0x00000714        0x4 c:/freescale/kds_v3/toolchain/bin/../lib/gcc/arm-none-eabi/4.8.4/armv6-m\libgcc.a(_dvmd_tls.o)
                0x00000714                __aeabi_idiv0
                0x00000714                __aeabi_ldiv0
 .text          0x00000718       0x40 c:/freescale/kds_v3/toolchain/bin/../lib/gcc/arm-none-eabi/4.8.4/armv6-m\libgcc.a(_aeabi_uldivmod.o)
                0x00000718                __aeabi_uldivmod
 .text          0x00000758       0x44 c:/freescale/kds_v3/toolchain/bin/../lib/gcc/arm-none-eabi/4.8.4/armv6-m\libgcc.a(_muldi3.o)
                0x00000758                __muldi3
                0x00000758                __aeabi_lmul
 .text          0x0000079c       0x6c c:/freescale/kds_v3/toolchain/bin/../lib/gcc/arm-none-eabi/4.8.4/armv6-m\libgcc.a(bpabi.o)
                0x0000079c                __gnu_ldivmod_helper
                0x000007d4                __gnu_uldivmod_helper
 .text          0x00000808       0x3c c:/freescale/kds_v3/toolchain/bin/../lib/gcc/arm-none-eabi/4.8.4/armv6-m\libgcc.a(_clzsi2.o)
                0x00000808                __clzsi2
 .text          0x00000844      0x3b8 c:/freescale/kds_v3/toolchain/bin/../lib/gcc/arm-none-eabi/4.8.4/armv6-m\libgcc.a(_divdi3.o)
                0x00000844                __divdi3
 .text          0x00000bfc      0x384 c:/freescale/kds_v3/toolchain/bin/../lib/gcc/arm-none-eabi/4.8.4/armv6-m\libgcc.a(_udivdi3.o)
                0x00000bfc                __udivdi3
 *(.text*)
 .text.UART_EnableTx
                0x00000f80       0x40 ./utilities/fsl_debug_console.o
 .text.UART_EnableRx
                0x00000fc0       0x40 ./utilities/fsl_debug_console.o
 .text.LPSCI_EnableTx
                0x00001000       0x40 ./utilities/fsl_debug_console.o
 .text.LPSCI_EnableRx
                0x00001040       0x40 ./utilities/fsl_debug_console.o
 .text.DbgConsole_Init
                0x00001080       0xf8 ./utilities/fsl_debug_console.o
                0x00001080                DbgConsole_Init
 .text.DbgConsole_Printf
                0x00001178       0x48 ./utilities/fsl_debug_console.o
                0x00001178                DbgConsole_Printf
 .text.DbgConsole_Putchar
                0x000011c0       0x38 ./utilities/fsl_debug_console.o
                0x000011c0                DbgConsole_Putchar
 .text.DbgConsole_PrintfPaddingCharacter
                0x000011f8       0x48 ./utilities/fsl_debug_console.o
 .text.DbgConsole_ConvertRadixNumToString
                0x00001240      0x118 ./utilities/fsl_debug_console.o
 .text.DbgConsole_PrintfFormattedData
                0x00001358      0x378 ./utilities/fsl_debug_console.o
 .text.SystemInit
                0x000016d0       0x18 ./startup/system_MKL46Z4.o
                0x000016d0                SystemInit
 .text.NVIC_EnableIRQ
                0x000016e8       0x2c ./source/main.o
 .text.NVIC_SetPriority
                0x00001714       0xe0 ./source/main.o
 .text.SysTick_Config
                0x000017f4       0x48 ./source/main.o
 .text.GPIO_ClearPinsOutput
                0x0000183c       0x18 ./source/main.o
 .text.Key1_ShortPress
                0x00001854       0x14 ./source/main.o
                0x00001854                Key1_ShortPress
 .text.Key1_LongPress
                0x00001868       0x1c ./source/main.o
                0x00001868                Key1_LongPress
 .text.Key2_ShortPress
                0x00001884       0x1c ./source/main.o
                0x00001884                Key2_ShortPress
 .text.Key2_LongPress
                0x000018a0       0x2c ./source/main.o
                0x000018a0                Key2_LongPress
 .text.keyInit  0x000018cc       0xb0 ./source/main.o
                0x000018cc                keyInit
 .text.LedInit  0x0000197c       0x5c ./source/main.o
                0x0000197c                LedInit
 .text.userInit
                0x000019d8       0x80 ./source/main.o
                0x000019d8                userInit
 .text.userHandle
                0x00001a58        0x8 ./source/main.o
                0x00001a58                userHandle
 .text.SysTick_Handler
                0x00001a60       0x10 ./source/main.o
                0x00001a60                SysTick_Handler
 .text.main     0x00001a70       0x28 ./source/main.o
                0x00001a70                main
 .text.CLOCK_EnableClock
                0x00001a98       0x34 ./hal_key/hal_key.o
 .text.PORT_SetPinConfig
                0x00001acc       0x44 ./hal_key/hal_key.o
 .text.GPIO_ReadPinInput
                0x00001b10       0x20 ./hal_key/hal_key.o
 .text.Get_KeyState
                0x00001b30      0x108 ./hal_key/hal_key.o
                0x00001b30                Get_KeyState
 .text.Read_KeyValue
                0x00001c38      0x150 ./hal_key/hal_key.o
                0x00001c38                Read_KeyValue
 .text.Key_Handle
                0x00001d88      0x1ec ./hal_key/hal_key.o
                0x00001d88                Key_Handle
 .text.Key_InitOne
                0x00001f74      0x138 ./hal_key/hal_key.o
                0x00001f74                Key_InitOne
 .text.Key_ParaInit
                0x000020ac      0x1cc ./hal_key/hal_key.o
                0x000020ac                Key_ParaInit
 .text.NVIC_EnableIRQ
                0x00002278       0x2c ./gizwits/gizwits_product.o
 .text.NVIC_SetPriority
                0x000022a4       0xe0 ./gizwits/gizwits_product.o
 .text.NVIC_SystemReset
                0x00002384       0x20 ./gizwits/gizwits_product.o
 .text.CLOCK_EnableClock
                0x000023a4       0x34 ./gizwits/gizwits_product.o
 .text.PORT_SetPinMux
                0x000023d8       0x3c ./gizwits/gizwits_product.o
 .text.GPIO_SetPinsOutput
                0x00002414       0x18 ./gizwits/gizwits_product.o
 .text.GPIO_ClearPinsOutput
                0x0000242c       0x18 ./gizwits/gizwits_product.o
 .text.UART_ReadByte
                0x00002444       0x18 ./gizwits/gizwits_product.o
 .text.gizwitsEventProcess
                0x0000245c       0xf8 ./gizwits/gizwits_product.o
                0x0000245c                gizwitsEventProcess
 .text.mcuRestart
                0x00002554        0xc ./gizwits/gizwits_product.o
                0x00002554                mcuRestart
 .text.UART1_IRQHandler
                0x00002560       0x40 ./gizwits/gizwits_product.o
                0x00002560                UART1_IRQHandler
 .text.uartWrite
                0x000025a0       0xbc ./gizwits/gizwits_product.o
                0x000025a0                uartWrite
 .text.uartInit
                0x0000265c       0x88 ./gizwits/gizwits_product.o
                0x0000265c                uartInit
 .text.rbCreate
                0x000026e4       0xcc ./gizwits/gizwits_protocol.o
 .text.rbCapacity
                0x000027b0       0x40 ./gizwits/gizwits_protocol.o
 .text.rbCanRead
                0x000027f0      0x100 ./gizwits/gizwits_protocol.o
 .text.rbCanWrite
                0x000028f0       0x40 ./gizwits/gizwits_protocol.o
 .text.rbRead   0x00002930      0x2c4 ./gizwits/gizwits_protocol.o
 .text.rbWrite  0x00002bf4      0x324 ./gizwits/gizwits_protocol.o
 .text.gizPutData
                0x00002f18       0x64 ./gizwits/gizwits_protocol.o
                0x00002f18                gizPutData
 .text.gizTimerMs
                0x00002f7c       0x48 ./gizwits/gizwits_protocol.o
                0x00002f7c                gizTimerMs
 .text.gizGetTimerCount
                0x00002fc4       0x24 ./gizwits/gizwits_protocol.o
                0x00002fc4                gizGetTimerCount
 .text.gizProtocolSum
                0x00002fe8       0x70 ./gizwits/gizwits_protocol.o
 .text.gizProtocolExchangeBytes
                0x00003058       0x38 ./gizwits/gizwits_protocol.o
 .text.gizByteOrderExchange
                0x00003090       0x9c ./gizwits/gizwits_protocol.o
 .text.gizAcrossByteJudge
                0x0000312c       0x44 ./gizwits/gizwits_protocol.o
 .text.gizDecompressionValue
                0x00003170      0x158 ./gizwits/gizwits_protocol.o
 .text.gizCompressValue
                0x000032c8      0x124 ./gizwits/gizwits_protocol.o
 .text.gizProtocolGetOnePacket
                0x000033ec      0x254 ./gizwits/gizwits_protocol.o
 .text.gizDataPoint2Event
                0x00003640       0x80 ./gizwits/gizwits_protocol.o
 .text.gizCheckReport
                0x000036c0       0x60 ./gizwits/gizwits_protocol.o
 .text.gizDataPoints2ReportData
                0x00003720       0x5c ./gizwits/gizwits_protocol.o
 .text.gizProtocolHeadInit
                0x0000377c       0x44 ./gizwits/gizwits_protocol.o
 .text.gizProtocolWaitAck
                0x000037c0       0xcc ./gizwits/gizwits_protocol.o
 .text.gizProtocolResendData
                0x0000388c       0xac ./gizwits/gizwits_protocol.o
 .text.gizProtocolWaitAckCheck
                0x00003938       0x58 ./gizwits/gizwits_protocol.o
 .text.gizProtocolCommonAck
                0x00003990       0x9c ./gizwits/gizwits_protocol.o
 .text.gizProtocolAckHandle
                0x00003a2c       0xac ./gizwits/gizwits_protocol.o
 .text.gizProtocolGetDeviceInfo
                0x00003ad8      0x118 ./gizwits/gizwits_protocol.o
 .text.gizProtocolErrorCmd
                0x00003bf0       0xa8 ./gizwits/gizwits_protocol.o
 .text.gizProtocolReboot
                0x00003c98       0x2c ./gizwits/gizwits_protocol.o
 .text.gizProtocolModuleStatus
                0x00003cc4      0x524 ./gizwits/gizwits_protocol.o
 .text.gizProtocolIssuedDataAck
                0x000041e8      0x148 ./gizwits/gizwits_protocol.o
 .text.gizReportData
                0x00004330      0x13c ./gizwits/gizwits_protocol.o
 .text.gizProtocolIssuedProcess
                0x0000446c      0x14c ./gizwits/gizwits_protocol.o
 .text.gizwitsInit
                0x000045b8       0x44 ./gizwits/gizwits_protocol.o
                0x000045b8                gizwitsInit
 .text.gizwitsSetMode
                0x000045fc      0x19c ./gizwits/gizwits_protocol.o
                0x000045fc                gizwitsSetMode
 .text.gizwitsHandle
                0x00004798      0x3a0 ./gizwits/gizwits_protocol.o
                0x00004798                gizwitsHandle
 .text.CLOCK_SetEr32kClock
                0x00004b38       0x30 ./drivers/fsl_clock.o
 .text.CLOCK_SetPllFllSelClock
                0x00004b68       0x38 ./drivers/fsl_clock.o
 .text.OSC_SetExtRefClkConfig
                0x00004ba0       0x48 ./drivers/fsl_clock.o
 .text.OSC_SetCapLoad
                0x00004be8       0x4c ./drivers/fsl_clock.o
 .text.CLOCK_GetMcgExtClkFreq
                0x00004c34       0x34 ./drivers/fsl_clock.o
 .text.CLOCK_GetFllExtRefClkFreq
                0x00004c68       0xa4 ./drivers/fsl_clock.o
 .text.CLOCK_GetInternalRefClkSelectFreq
                0x00004d0c       0x44 ./drivers/fsl_clock.o
 .text.CLOCK_GetFllRefClkFreq
                0x00004d50       0x30 ./drivers/fsl_clock.o
 .text.CLOCK_GetPll0RefFreq
                0x00004d80       0x10 ./drivers/fsl_clock.o
 .text.CLOCK_GetOscRangeFromFreq
                0x00004d90       0x4c ./drivers/fsl_clock.o
 .text.CLOCK_GetOsc0ErClkFreq
                0x00004ddc       0x4c ./drivers/fsl_clock.o
                0x00004ddc                CLOCK_GetOsc0ErClkFreq
 .text.CLOCK_GetEr32kClkFreq
                0x00004e28       0x84 ./drivers/fsl_clock.o
                0x00004e28                CLOCK_GetEr32kClkFreq
 .text.CLOCK_GetPllFllSelClkFreq
                0x00004eac       0x50 ./drivers/fsl_clock.o
                0x00004eac                CLOCK_GetPllFllSelClkFreq
 .text.CLOCK_GetCoreSysClkFreq
                0x00004efc       0x2c ./drivers/fsl_clock.o
                0x00004efc                CLOCK_GetCoreSysClkFreq
 .text.CLOCK_GetFreq
                0x00004f28       0xe0 ./drivers/fsl_clock.o
                0x00004f28                CLOCK_GetFreq
 .text.CLOCK_SetSimConfig
                0x00005008       0x34 ./drivers/fsl_clock.o
                0x00005008                CLOCK_SetSimConfig
 .text.CLOCK_GetOutClkFreq
                0x0000503c       0x64 ./drivers/fsl_clock.o
                0x0000503c                CLOCK_GetOutClkFreq
 .text.CLOCK_GetFllFreq
                0x000050a0       0x7c ./drivers/fsl_clock.o
                0x000050a0                CLOCK_GetFllFreq
 .text.CLOCK_GetInternalRefClkFreq
                0x0000511c       0x28 ./drivers/fsl_clock.o
                0x0000511c                CLOCK_GetInternalRefClkFreq
 .text.CLOCK_GetFixedFreqClkFreq
                0x00005144       0x30 ./drivers/fsl_clock.o
                0x00005144                CLOCK_GetFixedFreqClkFreq
 .text.CLOCK_GetPll0Freq
                0x00005174       0x80 ./drivers/fsl_clock.o
                0x00005174                CLOCK_GetPll0Freq
 .text.CLOCK_SetExternalRefClkConfig
                0x000051f4       0x40 ./drivers/fsl_clock.o
                0x000051f4                CLOCK_SetExternalRefClkConfig
 .text.CLOCK_SetInternalRefClkConfig
                0x00005234      0x120 ./drivers/fsl_clock.o
                0x00005234                CLOCK_SetInternalRefClkConfig
 .text.CLOCK_EnablePll0
                0x00005354       0xa4 ./drivers/fsl_clock.o
                0x00005354                CLOCK_EnablePll0
 .text.CLOCK_InitOsc0
                0x000053f8       0x98 ./drivers/fsl_clock.o
                0x000053f8                CLOCK_InitOsc0
 .text.CLOCK_SetPbeMode
                0x00005490       0xa0 ./drivers/fsl_clock.o
                0x00005490                CLOCK_SetPbeMode
 .text.CLOCK_BootToPeeMode
                0x00005530       0x80 ./drivers/fsl_clock.o
                0x00005530                CLOCK_BootToPeeMode
 .text.__assert_func
                0x000055b0       0x28 ./drivers/fsl_common.o
                0x000055b0                __assert_func
 .text.DMA_ClearChannelStatusFlags
                0x000055d8       0x60 ./drivers/fsl_dma.o
 .text.DMA_HandleIRQ
                0x00005638       0x60 ./drivers/fsl_dma.o
                0x00005638                DMA_HandleIRQ
 .text.DMA0_DriverIRQHandler
                0x00005698       0x18 ./drivers/fsl_dma.o
                0x00005698                DMA0_DriverIRQHandler
 .text.DMA1_DriverIRQHandler
                0x000056b0       0x18 ./drivers/fsl_dma.o
                0x000056b0                DMA1_DriverIRQHandler
 .text.DMA2_DriverIRQHandler
                0x000056c8       0x18 ./drivers/fsl_dma.o
                0x000056c8                DMA2_DriverIRQHandler
 .text.DMA3_DriverIRQHandler
                0x000056e0       0x18 ./drivers/fsl_dma.o
                0x000056e0                DMA3_DriverIRQHandler
 .text.GPIO_WritePinOutput
                0x000056f8       0x40 ./drivers/fsl_gpio.o
 .text.GPIO_PinInit
                0x00005738       0x78 ./drivers/fsl_gpio.o
                0x00005738                GPIO_PinInit
 .text.I2C_TransferCommonIRQHandler
                0x000057b0       0x54 ./drivers/fsl_i2c.o
 .text.I2C0_DriverIRQHandler
                0x00005804       0x20 ./drivers/fsl_i2c.o
                0x00005804                I2C0_DriverIRQHandler
 .text.I2C1_DriverIRQHandler
                0x00005824       0x20 ./drivers/fsl_i2c.o
                0x00005824                I2C1_DriverIRQHandler
 .text.CLOCK_EnableClock
                0x00005844       0x34 ./drivers/fsl_lpsci.o
 .text.LPSCI_GetInstance
                0x00005878       0x54 ./drivers/fsl_lpsci.o
                0x00005878                LPSCI_GetInstance
 .text.LPSCI_Init
                0x000058cc      0x280 ./drivers/fsl_lpsci.o
                0x000058cc                LPSCI_Init
 .text.LPSCI_GetDefaultConfig
                0x00005b4c       0x50 ./drivers/fsl_lpsci.o
                0x00005b4c                LPSCI_GetDefaultConfig
 .text.LPSCI_GetStatusFlags
                0x00005b9c       0x28 ./drivers/fsl_lpsci.o
                0x00005b9c                LPSCI_GetStatusFlags
 .text.LPSCI_ClearStatusFlags
                0x00005bc4       0x98 ./drivers/fsl_lpsci.o
                0x00005bc4                LPSCI_ClearStatusFlags
 .text.LPSCI_WriteBlocking
                0x00005c5c       0x5c ./drivers/fsl_lpsci.o
                0x00005c5c                LPSCI_WriteBlocking
 .text.LPSCI_ReadBlocking
                0x00005cb8       0xd4 ./drivers/fsl_lpsci.o
                0x00005cb8                LPSCI_ReadBlocking
 .text.UART0_DriverIRQHandler
                0x00005d8c       0x24 ./drivers/fsl_lpsci.o
                0x00005d8c                UART0_DriverIRQHandler
 .text.I2S0_DriverIRQHandler
                0x00005db0       0x7c ./drivers/fsl_sai.o
                0x00005db0                I2S0_DriverIRQHandler
 .text.SPI0_DriverIRQHandler
                0x00005e2c       0x48 ./drivers/fsl_spi.o
                0x00005e2c                SPI0_DriverIRQHandler
 .text.SPI1_DriverIRQHandler
                0x00005e74       0x48 ./drivers/fsl_spi.o
                0x00005e74                SPI1_DriverIRQHandler
 .text.CLOCK_EnableClock
                0x00005ebc       0x34 ./drivers/fsl_uart.o
 .text.UART_GetInstance
                0x00005ef0       0x60 ./drivers/fsl_uart.o
                0x00005ef0                UART_GetInstance
 .text.UART_Init
                0x00005f50      0x210 ./drivers/fsl_uart.o
                0x00005f50                UART_Init
 .text.UART_GetDefaultConfig
                0x00006160       0x50 ./drivers/fsl_uart.o
                0x00006160                UART_GetDefaultConfig
 .text.UART_EnableInterrupts
                0x000061b0       0x58 ./drivers/fsl_uart.o
                0x000061b0                UART_EnableInterrupts
 .text.UART_GetStatusFlags
                0x00006208       0x28 ./drivers/fsl_uart.o
                0x00006208                UART_GetStatusFlags
 .text.UART_WriteBlocking
                0x00006230       0x3c ./drivers/fsl_uart.o
                0x00006230                UART_WriteBlocking
 .text.UART_ReadBlocking
                0x0000626c       0xac ./drivers/fsl_uart.o
                0x0000626c                UART_ReadBlocking
 .text.UART1_DriverIRQHandler
                0x00006318       0x24 ./drivers/fsl_uart.o
                0x00006318                UART1_DriverIRQHandler
 .text.UART2_DriverIRQHandler
                0x0000633c       0x24 ./drivers/fsl_uart.o
                0x0000633c                UART2_DriverIRQHandler
 .text.CLOCK_SetLpsci0Clock
                0x00006360       0x38 ./board/board.o
 .text.BOARD_InitDebugConsole
                0x00006398       0x30 ./board/board.o
                0x00006398                BOARD_InitDebugConsole
 .text.CLOCK_SetSimSafeDivs
                0x000063c8       0x1c ./board/clock_config.o
 .text.CLOCK_SetXtal0Freq
                0x000063e4       0x18 ./board/clock_config.o
 .text.BOARD_BootClockRUN
                0x000063fc       0x60 ./board/clock_config.o
                0x000063fc                BOARD_BootClockRUN
 .text.CLOCK_EnableClock
                0x0000645c       0x34 ./board/pin_mux.o
 .text.PORT_SetPinMux
                0x00006490       0x3c ./board/pin_mux.o
 .text.BOARD_InitPins
                0x000064cc       0x68 ./board/pin_mux.o
                0x000064cc                BOARD_InitPins
 .text.exit     0x00006534       0x2c c:/freescale/kds_v3/toolchain/bin/../lib/gcc/arm-none-eabi/4.8.4/../../../../arm-none-eabi/lib/armv6-m\libg_s.a(lib_a-exit.o)
                0x00006534                exit
 .text.__libc_init_array
                0x00006560       0x4c c:/freescale/kds_v3/toolchain/bin/../lib/gcc/arm-none-eabi/4.8.4/../../../../arm-none-eabi/lib/armv6-m\libg_s.a(lib_a-init.o)
                0x00006560                __libc_init_array
 .text.memcpy   0x000065ac       0x12 c:/freescale/kds_v3/toolchain/bin/../lib/gcc/arm-none-eabi/4.8.4/../../../../arm-none-eabi/lib/armv6-m\libg_s.a(lib_a-memcpy-stub.o)
                0x000065ac                memcpy
 .text.memset   0x000065be       0x10 c:/freescale/kds_v3/toolchain/bin/../lib/gcc/arm-none-eabi/4.8.4/../../../../arm-none-eabi/lib/armv6-m\libg_s.a(lib_a-memset.o)
                0x000065be                memset
 .text.strlen   0x000065ce        0xe c:/freescale/kds_v3/toolchain/bin/../lib/gcc/arm-none-eabi/4.8.4/../../../../arm-none-eabi/lib/armv6-m\libg_s.a(lib_a-strlen.o)
                0x000065ce                strlen
 .text._exit    0x000065dc        0x4 c:/freescale/kds_v3/toolchain/bin/../lib/gcc/arm-none-eabi/4.8.4/../../../../arm-none-eabi/lib/armv6-m\libnosys.a(_exit.o)
                0x000065dc                _exit
 *(.rodata)
 .rodata        0x000065e0       0x90 ./source/main.o
 .rodata        0x00006670       0x20 ./hal_key/hal_key.o
 .rodata        0x00006690       0x5c ./gizwits/gizwits_product.o
 .rodata        0x000066ec      0x780 ./gizwits/gizwits_protocol.o
 .rodata        0x00006e6c       0x48 ./drivers/fsl_clock.o
 .rodata        0x00006eb4       0x40 ./drivers/fsl_common.o
 .rodata        0x00006ef4      0x140 ./drivers/fsl_dma.o
 .rodata        0x00007034       0x70 ./drivers/fsl_gpio.o
 .rodata        0x000070a4       0xb8 ./drivers/fsl_lpsci.o
 .rodata        0x0000715c       0xa0 ./drivers/fsl_spi.o
 .rodata        0x000071fc       0xac ./drivers/fsl_uart.o
 *(.rodata*)
 .rodata.__func__.5703
                0x000072a8       0x14 ./hal_key/hal_key.o
 .rodata.gizwitsEventProcess
                0x000072bc       0x40 ./gizwits/gizwits_product.o
 .rodata.gizwitsHandle
                0x000072fc       0x48 ./gizwits/gizwits_protocol.o
 .rodata.CLOCK_GetFreq
                0x00007344       0x34 ./drivers/fsl_clock.o
 .rodata.__func__.5680
                0x00007378       0x18 ./drivers/fsl_clock.o
 .rodata.__func__.5720
                0x00007390       0x18 ./drivers/fsl_clock.o
 .rodata.__func__.5728
                0x000073a8       0x18 ./drivers/fsl_clock.o
 .rodata.fllFactorTable.5793
                0x000073c0       0x10 ./drivers/fsl_clock.o
 .rodata.__func__.5808
                0x000073d0       0x14 ./drivers/fsl_clock.o
 .rodata.__func__.5851
                0x000073e4       0x14 ./drivers/fsl_clock.o
 .rodata.__func__.6045
                0x000073f8       0x14 ./drivers/fsl_clock.o
 .rodata.__func__.5950
                0x0000740c       0x10 ./drivers/fsl_dma.o
 .rodata.__func__.5818
                0x0000741c       0x1c ./drivers/fsl_dma.o
 .rodata.__func__.5736
                0x00007438       0x10 ./drivers/fsl_gpio.o
 .rodata.__func__.5864
                0x00007448       0x14 ./drivers/fsl_lpsci.o
 .rodata.__func__.5900
                0x0000745c        0xc ./drivers/fsl_lpsci.o
 .rodata.__func__.5921
                0x00007468       0x18 ./drivers/fsl_lpsci.o
 .rodata.__func__.5966
                0x00007480       0x14 ./drivers/fsl_lpsci.o
 .rodata.__func__.5978
                0x00007494       0x14 ./drivers/fsl_lpsci.o
 .rodata.__func__.6078
                0x000074a8       0x18 ./drivers/fsl_spi.o
 .rodata.__func__.6082
                0x000074c0       0x18 ./drivers/fsl_spi.o
 .rodata.s_uartBases
                0x000074d8        0xc ./drivers/fsl_uart.o
 .rodata.s_uartClock
                0x000074e4        0xc ./drivers/fsl_uart.o
 .rodata.__func__.5867
                0x000074f0       0x14 ./drivers/fsl_uart.o
 .rodata.__func__.5883
                0x00007504        0xc ./drivers/fsl_uart.o
 .rodata.__func__.5896
                0x00007510       0x18 ./drivers/fsl_uart.o
 .rodata.__func__.5954
                0x00007528       0x14 ./drivers/fsl_uart.o
 .rodata.g_defaultClockConfigRun
                0x0000753c       0x20 ./board/clock_config.o
                0x0000753c                g_defaultClockConfigRun
 .rodata.str1.1
                0x0000755c        0x2 c:/freescale/kds_v3/toolchain/bin/../lib/gcc/arm-none-eabi/4.8.4/../../../../arm-none-eabi/lib/armv6-m\libg_s.a(lib_a-impure.o)
 *fill*         0x0000755e        0x2 
 .rodata._global_impure_ptr
                0x00007560        0x4 c:/freescale/kds_v3/toolchain/bin/../lib/gcc/arm-none-eabi/4.8.4/../../../../arm-none-eabi/lib/armv6-m\libg_s.a(lib_a-impure.o)
                0x00007560                _global_impure_ptr
 *(.glue_7)
 .glue_7        0x00000000        0x0 linker stubs
 *(.glue_7t)
 .glue_7t       0x00000000        0x0 linker stubs
 *(.eh_frame)
 .eh_frame      0x00007564        0x0 c:/freescale/kds_v3/toolchain/bin/../lib/gcc/arm-none-eabi/4.8.4/armv6-m/crtbegin.o
 *(.init)
 .init          0x00007564        0x4 c:/freescale/kds_v3/toolchain/bin/../lib/gcc/arm-none-eabi/4.8.4/armv6-m/crti.o
                0x00007564                _init
 .init          0x00007568        0x8 c:/freescale/kds_v3/toolchain/bin/../lib/gcc/arm-none-eabi/4.8.4/armv6-m/crtn.o
 *(.fini)
 .fini          0x00007570        0x4 c:/freescale/kds_v3/toolchain/bin/../lib/gcc/arm-none-eabi/4.8.4/armv6-m/crti.o
                0x00007570                _fini
 .fini          0x00007574        0x8 c:/freescale/kds_v3/toolchain/bin/../lib/gcc/arm-none-eabi/4.8.4/armv6-m/crtn.o
                0x0000757c                . = ALIGN (0x4)

.vfp11_veneer   0x0000757c        0x0
 .vfp11_veneer  0x00000000        0x0 linker stubs

.v4_bx          0x0000757c        0x0
 .v4_bx         0x00000000        0x0 linker stubs

.iplt           0x0000757c        0x0
 .iplt          0x00000000        0x0 c:/freescale/kds_v3/toolchain/bin/../lib/gcc/arm-none-eabi/4.8.4/armv6-m/crtbegin.o

.ARM.extab
 *(.ARM.extab* .gnu.linkonce.armextab.*)

.ARM            0x0000757c        0x8
                0x0000757c                __exidx_start = .
 *(.ARM.exidx*)
 .ARM.exidx     0x0000757c        0x8 c:/freescale/kds_v3/toolchain/bin/../lib/gcc/arm-none-eabi/4.8.4/../../../../arm-none-eabi/lib/armv6-m/crt0.o
 .ARM.exidx     0x00007584        0x0 c:/freescale/kds_v3/toolchain/bin/../lib/gcc/arm-none-eabi/4.8.4/armv6-m\libgcc.a(_divdi3.o)
                                  0x8 (size before relaxing)
 .ARM.exidx     0x00007584        0x0 c:/freescale/kds_v3/toolchain/bin/../lib/gcc/arm-none-eabi/4.8.4/armv6-m\libgcc.a(_udivdi3.o)
                                  0x8 (size before relaxing)
                0x00007584                __exidx_end = .

.rel.dyn        0x00007584        0x0
 .rel.iplt      0x00000000        0x0 c:/freescale/kds_v3/toolchain/bin/../lib/gcc/arm-none-eabi/4.8.4/armv6-m/crtbegin.o

.ctors          0x00007584        0x0
                0x00007584                __CTOR_LIST__ = .
 *crtbegin.o(.ctors)
 *crtbegin?.o(.ctors)
 *(EXCLUDE_FILE(*crtend.o *crtend?.o) .ctors)
 *(SORT(.ctors.*))
 *(.ctors)
                0x00007584                __CTOR_END__ = .

.dtors          0x00007584        0x0
                0x00007584                __DTOR_LIST__ = .
 *crtbegin.o(.dtors)
 *crtbegin?.o(.dtors)
 *(EXCLUDE_FILE(*crtend.o *crtend?.o) .dtors)
 *(SORT(.dtors.*))
 *(.dtors)
                0x00007584                __DTOR_END__ = .

.preinit_array  0x00007584        0x0
                0x00007584                PROVIDE (__preinit_array_start, .)
 *(.preinit_array*)
                0x00007584                PROVIDE (__preinit_array_end, .)

.init_array     0x00007584        0x4
                0x00007584                PROVIDE (__init_array_start, .)
 *(SORT(.init_array.*))
 *(.init_array*)
 .init_array    0x00007584        0x4 c:/freescale/kds_v3/toolchain/bin/../lib/gcc/arm-none-eabi/4.8.4/armv6-m/crtbegin.o
                0x00007588                PROVIDE (__init_array_end, .)

.fini_array     0x00007588        0x4
                0x00007588                PROVIDE (__fini_array_start, .)
 *(SORT(.fini_array.*))
 *(.fini_array*)
 .fini_array    0x00007588        0x4 c:/freescale/kds_v3/toolchain/bin/../lib/gcc/arm-none-eabi/4.8.4/armv6-m/crtbegin.o
                0x0000758c                PROVIDE (__fini_array_end, .)
                0x0000758c                __etext = .
                0x0000758c                __DATA_ROM = .

.mtb            0x1fffe000        0x0
                0x1fffe000                . = ALIGN (0x8)
                0x1fffe000                _mtb_start = .
 *(.mtb_buf)
                0x1fffe000                . = ALIGN (0x8)
                0x1fffe000                _mtb_end = .

.interrupts_ram
                0x1fffe000        0x0
                0x1fffe000                . = ALIGN (0x4)
                0x1fffe000                __VECTOR_RAM__ = .
                0x1fffe000                __interrupts_ram_start__ = .
 *(.m_interrupts_ram)
                0x1fffe000                . = (. + M_VECTOR_RAM_SIZE)
                0x1fffe000                . = ALIGN (0x4)
                0x1fffe000                __interrupts_ram_end__ = .
                0x00000000                __VECTOR_RAM = DEFINED (__ram_vector_table__)?__VECTOR_RAM__:ORIGIN (m_interrupts)
                0x00000000                __RAM_VECTOR_TABLE_SIZE_BYTES = DEFINED (__ram_vector_table__)?(__interrupts_ram_end__ - __interrupts_ram_start__):0x0

.data           0x1fffe000       0x74 load address 0x0000758c
                0x1fffe000                . = ALIGN (0x4)
                0x1fffe000                __DATA_RAM = .
                0x1fffe000                __data_start__ = .
 *(.data)
 *(.data*)
 .data.SystemCoreClock
                0x1fffe000        0x4 ./startup/system_MKL46Z4.o
                0x1fffe000                SystemCoreClock
 .data.key_total.7104
                0x1fffe004        0x1 ./hal_key/hal_key.o
 *fill*         0x1fffe005        0x3 
 .data.s_slowIrcFreq
                0x1fffe008        0x4 ./drivers/fsl_clock.o
 .data.s_fastIrcFreq
                0x1fffe00c        0x4 ./drivers/fsl_clock.o
 .data.impure_data
                0x1fffe010       0x60 c:/freescale/kds_v3/toolchain/bin/../lib/gcc/arm-none-eabi/4.8.4/../../../../arm-none-eabi/lib/armv6-m\libg_s.a(lib_a-impure.o)
 *(.jcr*)
 .jcr           0x1fffe070        0x0 c:/freescale/kds_v3/toolchain/bin/../lib/gcc/arm-none-eabi/4.8.4/armv6-m/crtbegin.o
 .jcr           0x1fffe070        0x4 c:/freescale/kds_v3/toolchain/bin/../lib/gcc/arm-none-eabi/4.8.4/armv6-m/crtend.o
                0x1fffe074                . = ALIGN (0x4)
                0x1fffe074                __data_end__ = .
                0x00007600                __DATA_END = (__DATA_ROM + (__data_end__ - __data_start__))
                0x00040000                text_end = (ORIGIN (m_text) + 0x3fbf0)
                0x00000001                ASSERT ((__DATA_END <= text_end), region m_text overflowed with text and data)
                0x00000800                USB_RAM_GAP = DEFINED (__usb_ram_size__)?__usb_ram_size__:0x800

.igot.plt       0x1fffe074        0x0 load address 0x00007600
 .igot.plt      0x00000000        0x0 c:/freescale/kds_v3/toolchain/bin/../lib/gcc/arm-none-eabi/4.8.4/armv6-m/crtbegin.o

.bss            0x1fffe074     0x1d50 load address 0x00007600
                0x1fffe074                . = ALIGN (0x4)
                0x1fffe074                __START_BSS = .
                0x1fffe074                __bss_start__ = .
 *(.bss)
 .bss           0x1fffe074       0x1c c:/freescale/kds_v3/toolchain/bin/../lib/gcc/arm-none-eabi/4.8.4/armv6-m/crtbegin.o
 *(.bss*)
 .bss.s_debugConsole
                0x1fffe090       0x10 ./utilities/fsl_debug_console.o
 .bss.keyTotolNum
                0x1fffe0a0        0x1 ./hal_key/hal_key.o
 .bss.keyCheck.7074
                0x1fffe0a1        0x1 ./hal_key/hal_key.o
 .bss.keyState.7075
                0x1fffe0a2        0x1 ./hal_key/hal_key.o
 *fill*         0x1fffe0a3        0x1 
 .bss.keyPrev.7077
                0x1fffe0a4        0x2 ./hal_key/hal_key.o
 .bss.keyLongCheck.7076
                0x1fffe0a6        0x2 ./hal_key/hal_key.o
 .bss.rbBuf     0x1fffe0a8      0x76c ./gizwits/gizwits_protocol.o
 .bss.lastData.7454
                0x1fffe814        0x1 ./gizwits/gizwits_protocol.o
 .bss.protocolFlag.7452
                0x1fffe815        0x1 ./gizwits/gizwits_protocol.o
 .bss.protocolCount.7453
                0x1fffe816        0x2 ./gizwits/gizwits_protocol.o
 .bss.debugCount.7455
                0x1fffe818        0x1 ./gizwits/gizwits_protocol.o
 *fill*         0x1fffe819        0x3 
 .bss.lastStatus.7520
                0x1fffe81c        0x4 ./gizwits/gizwits_protocol.o
 .bss.s_DMAHandle
                0x1fffe820       0x10 ./drivers/fsl_dma.o
 .bss.s_i2cHandle
                0x1fffe830        0x8 ./drivers/fsl_i2c.o
 .bss.s_i2cMasterIsr
                0x1fffe838        0x4 ./drivers/fsl_i2c.o
 .bss.s_i2cSlaveIsr
                0x1fffe83c        0x4 ./drivers/fsl_i2c.o
 .bss.s_lpsciHandle
                0x1fffe840        0x4 ./drivers/fsl_lpsci.o
 .bss.s_lpsciIsr
                0x1fffe844        0x4 ./drivers/fsl_lpsci.o
 .bss.s_saiTxIsr
                0x1fffe848        0x4 ./drivers/fsl_sai.o
 .bss.s_saiRxIsr
                0x1fffe84c        0x4 ./drivers/fsl_sai.o
 .bss.s_spiHandle
                0x1fffe850        0x8 ./drivers/fsl_spi.o
 .bss.s_spiIsr  0x1fffe858        0x4 ./drivers/fsl_spi.o
 .bss.s_uartHandle
                0x1fffe85c        0xc ./drivers/fsl_uart.o
 .bss.s_uartIsr
                0x1fffe868        0x4 ./drivers/fsl_uart.o
                0x1fffea00                . = ALIGN (0x200)
 *fill*         0x1fffe86c      0x194 
                0x1fffea00                USB_RAM_START = .
                0x1ffff200                . = (. + USB_RAM_GAP)
 *fill*         0x1fffea00      0x800 
 *(COMMON)
 COMMON         0x1ffff200       0x3d ./source/main.o
                0x1ffff200                singleKey
                0x1ffff234                currentDataPoint
                0x1ffff238                keys
 COMMON         0x1ffff23d        0x1 ./hal_key/hal_key.o
                0x1ffff23d                keyCountTime
 *fill*         0x1ffff23e        0x2 
 COMMON         0x1ffff240      0xb71 ./gizwits/gizwits_protocol.o
                0x1ffff240                pRb
                0x1ffff250                gizwitsProtocol
 *fill*         0x1ffffdb1        0x3 
 COMMON         0x1ffffdb4        0x8 ./drivers/fsl_clock.o
                0x1ffffdb4                g_xtal32Freq
                0x1ffffdb8                g_xtal0Freq
 COMMON         0x1ffffdbc        0x8 ./drivers/fsl_sai.o
                0x1ffffdbc                s_saiHandle
                0x1ffffdc4                . = ALIGN (0x4)
                0x1ffffdc4                __bss_end__ = .
                0x1ffffdc4                __END_BSS = .

.heap           0x1ffffdc4      0x104 load address 0x00009350
                0x1ffffdc8                . = ALIGN (0x8)
 *fill*         0x1ffffdc4        0x4 
                0x1ffffdc8                __end__ = .
                0x1ffffdc8                PROVIDE (end, .)
                0x1ffffdc8                __HeapBase = .
                0x1ffffec8                . = (. + HEAP_SIZE)
 *fill*         0x1ffffdc8      0x100 
                0x1ffffec8                __HeapLimit = .
                0x1ffffec8                __heap_limit = .

.stack          0x1ffffec8     0x1000 load address 0x00009454
                0x1ffffec8                . = ALIGN (0x8)
                0x20000ec8                . = (. + STACK_SIZE)
 *fill*         0x1ffffec8     0x1000 

m_usb_bdt       0x1fffea00        0x0
 *(m_usb_bdt)
                0x1fffea00                USB_RAM_BDT_END = .

m_usb_global
 *(m_usb_global)
                0x20006000                __StackTop = (ORIGIN (m_data) + 0x8000)
                0x20005000                __StackLimit = (__StackTop - STACK_SIZE)
                0x20006000                PROVIDE (__stack, __StackTop)

.ARM.attributes
                0x00000000       0x28
 *(.ARM.attributes)
 .ARM.attributes
                0x00000000       0x1e c:/freescale/kds_v3/toolchain/bin/../lib/gcc/arm-none-eabi/4.8.4/armv6-m/crti.o
 .ARM.attributes
                0x0000001e       0x2c c:/freescale/kds_v3/toolchain/bin/../lib/gcc/arm-none-eabi/4.8.4/armv6-m/crtbegin.o
 .ARM.attributes
                0x0000004a       0x1b c:/freescale/kds_v3/toolchain/bin/../lib/gcc/arm-none-eabi/4.8.4/../../../../arm-none-eabi/lib/armv6-m/crt0.o
 .ARM.attributes
                0x00000065       0x32 ./utilities/fsl_debug_console.o
 .ARM.attributes
                0x00000097       0x1b ./startup/startup_MKL46Z4.o
 .ARM.attributes
                0x000000b2       0x32 ./startup/system_MKL46Z4.o
 .ARM.attributes
                0x000000e4       0x32 ./source/main.o
 .ARM.attributes
                0x00000116       0x32 ./hal_key/hal_key.o
 .ARM.attributes
                0x00000148       0x32 ./gizwits/gizwits_product.o
 .ARM.attributes
                0x0000017a       0x32 ./gizwits/gizwits_protocol.o
 .ARM.attributes
                0x000001ac       0x32 ./drivers/fsl_clock.o
 .ARM.attributes
                0x000001de       0x32 ./drivers/fsl_common.o
 .ARM.attributes
                0x00000210       0x32 ./drivers/fsl_dma.o
 .ARM.attributes
                0x00000242       0x32 ./drivers/fsl_gpio.o
 .ARM.attributes
                0x00000274       0x32 ./drivers/fsl_i2c.o
 .ARM.attributes
                0x000002a6       0x32 ./drivers/fsl_lpsci.o
 .ARM.attributes
                0x000002d8       0x32 ./drivers/fsl_sai.o
 .ARM.attributes
                0x0000030a       0x32 ./drivers/fsl_spi.o
 .ARM.attributes
                0x0000033c       0x32 ./drivers/fsl_uart.o
 .ARM.attributes
                0x0000036e       0x32 ./board/board.o
 .ARM.attributes
                0x000003a0       0x32 ./board/clock_config.o
 .ARM.attributes
                0x000003d2       0x32 ./board/pin_mux.o
 .ARM.attributes
                0x00000404       0x1e c:/freescale/kds_v3/toolchain/bin/../lib/gcc/arm-none-eabi/4.8.4/armv6-m\libgcc.a(_udivsi3.o)
 .ARM.attributes
                0x00000422       0x1e c:/freescale/kds_v3/toolchain/bin/../lib/gcc/arm-none-eabi/4.8.4/armv6-m\libgcc.a(_divsi3.o)
 .ARM.attributes
                0x00000440       0x1e c:/freescale/kds_v3/toolchain/bin/../lib/gcc/arm-none-eabi/4.8.4/armv6-m\libgcc.a(_dvmd_tls.o)
 .ARM.attributes
                0x0000045e       0x1e c:/freescale/kds_v3/toolchain/bin/../lib/gcc/arm-none-eabi/4.8.4/armv6-m\libgcc.a(_aeabi_uldivmod.o)
 .ARM.attributes
                0x0000047c       0x2c c:/freescale/kds_v3/toolchain/bin/../lib/gcc/arm-none-eabi/4.8.4/armv6-m\libgcc.a(_muldi3.o)
 .ARM.attributes
                0x000004a8       0x2c c:/freescale/kds_v3/toolchain/bin/../lib/gcc/arm-none-eabi/4.8.4/armv6-m\libgcc.a(bpabi.o)
 .ARM.attributes
                0x000004d4       0x1e c:/freescale/kds_v3/toolchain/bin/../lib/gcc/arm-none-eabi/4.8.4/armv6-m\libgcc.a(_clzsi2.o)
 .ARM.attributes
                0x000004f2       0x2c c:/freescale/kds_v3/toolchain/bin/../lib/gcc/arm-none-eabi/4.8.4/armv6-m\libgcc.a(_divdi3.o)
 .ARM.attributes
                0x0000051e       0x2c c:/freescale/kds_v3/toolchain/bin/../lib/gcc/arm-none-eabi/4.8.4/armv6-m\libgcc.a(_udivdi3.o)
 .ARM.attributes
                0x0000054a       0x2c c:/freescale/kds_v3/toolchain/bin/../lib/gcc/arm-none-eabi/4.8.4/../../../../arm-none-eabi/lib/armv6-m\libg_s.a(lib_a-exit.o)
 .ARM.attributes
                0x00000576       0x2c c:/freescale/kds_v3/toolchain/bin/../lib/gcc/arm-none-eabi/4.8.4/../../../../arm-none-eabi/lib/armv6-m\libg_s.a(lib_a-impure.o)
 .ARM.attributes
                0x000005a2       0x2c c:/freescale/kds_v3/toolchain/bin/../lib/gcc/arm-none-eabi/4.8.4/../../../../arm-none-eabi/lib/armv6-m\libg_s.a(lib_a-init.o)
 .ARM.attributes
                0x000005ce       0x2c c:/freescale/kds_v3/toolchain/bin/../lib/gcc/arm-none-eabi/4.8.4/../../../../arm-none-eabi/lib/armv6-m\libg_s.a(lib_a-memcpy-stub.o)
 .ARM.attributes
                0x000005fa       0x2c c:/freescale/kds_v3/toolchain/bin/../lib/gcc/arm-none-eabi/4.8.4/../../../../arm-none-eabi/lib/armv6-m\libg_s.a(lib_a-memset.o)
 .ARM.attributes
                0x00000626       0x2c c:/freescale/kds_v3/toolchain/bin/../lib/gcc/arm-none-eabi/4.8.4/../../../../arm-none-eabi/lib/armv6-m\libg_s.a(lib_a-strlen.o)
 .ARM.attributes
                0x00000652       0x2c c:/freescale/kds_v3/toolchain/bin/../lib/gcc/arm-none-eabi/4.8.4/../../../../arm-none-eabi/lib/armv6-m\libnosys.a(_exit.o)
 .ARM.attributes
                0x0000067e       0x2c c:/freescale/kds_v3/toolchain/bin/../lib/gcc/arm-none-eabi/4.8.4/armv6-m/crtend.o
 .ARM.attributes
                0x000006aa       0x1e c:/freescale/kds_v3/toolchain/bin/../lib/gcc/arm-none-eabi/4.8.4/armv6-m/crtn.o
                0x00000001                ASSERT ((__StackLimit >= __HeapLimit), region m_data overflowed with stack and heap)
OUTPUT(gokit_frdmkl46z.elf elf32-littlearm)

.debug_info     0x00000000     0xfdee
 .debug_info    0x00000000      0xdbe ./utilities/fsl_debug_console.o
 .debug_info    0x00000dbe       0x7d ./startup/startup_MKL46Z4.o
 .debug_info    0x00000e3b      0x3ea ./startup/system_MKL46Z4.o
 .debug_info    0x00001225      0xa89 ./source/main.o
 .debug_info    0x00001cae      0x8fb ./hal_key/hal_key.o
 .debug_info    0x000025a9      0xc23 ./gizwits/gizwits_product.o
 .debug_info    0x000031cc     0x1629 ./gizwits/gizwits_protocol.o
 .debug_info    0x000047f5     0x1970 ./drivers/fsl_clock.o
 .debug_info    0x00006165      0x371 ./drivers/fsl_common.o
 .debug_info    0x000064d6      0xfdf ./drivers/fsl_dma.o
 .debug_info    0x000074b5      0x70f ./drivers/fsl_gpio.o
 .debug_info    0x00007bc4     0x19e5 ./drivers/fsl_i2c.o
 .debug_info    0x000095a9     0x164a ./drivers/fsl_lpsci.o
 .debug_info    0x0000abf3     0x17ef ./drivers/fsl_sai.o
 .debug_info    0x0000c3e2     0x14cf ./drivers/fsl_spi.o
 .debug_info    0x0000d8b1     0x15d0 ./drivers/fsl_uart.o
 .debug_info    0x0000ee81      0x3a1 ./board/board.o
 .debug_info    0x0000f222      0x87b ./board/clock_config.o
 .debug_info    0x0000fa9d      0x351 ./board/pin_mux.o

.debug_abbrev   0x00000000     0x27f4
 .debug_abbrev  0x00000000      0x254 ./utilities/fsl_debug_console.o
 .debug_abbrev  0x00000254       0x14 ./startup/startup_MKL46Z4.o
 .debug_abbrev  0x00000268      0x109 ./startup/system_MKL46Z4.o
 .debug_abbrev  0x00000371      0x229 ./source/main.o
 .debug_abbrev  0x0000059a      0x21a ./hal_key/hal_key.o
 .debug_abbrev  0x000007b4      0x264 ./gizwits/gizwits_product.o
 .debug_abbrev  0x00000a18      0x34b ./gizwits/gizwits_protocol.o
 .debug_abbrev  0x00000d63      0x2b8 ./drivers/fsl_clock.o
 .debug_abbrev  0x0000101b      0x157 ./drivers/fsl_common.o
 .debug_abbrev  0x00001172      0x269 ./drivers/fsl_dma.o
 .debug_abbrev  0x000013db      0x1ba ./drivers/fsl_gpio.o
 .debug_abbrev  0x00001595      0x2e8 ./drivers/fsl_i2c.o
 .debug_abbrev  0x0000187d      0x34d ./drivers/fsl_lpsci.o
 .debug_abbrev  0x00001bca      0x275 ./drivers/fsl_sai.o
 .debug_abbrev  0x00001e3f      0x26a ./drivers/fsl_spi.o
 .debug_abbrev  0x000020a9      0x365 ./drivers/fsl_uart.o
 .debug_abbrev  0x0000240e      0x118 ./board/board.o
 .debug_abbrev  0x00002526      0x1a5 ./board/clock_config.o
 .debug_abbrev  0x000026cb      0x129 ./board/pin_mux.o

.debug_aranges  0x00000000      0xdc8
 .debug_aranges
                0x00000000       0xa0 ./utilities/fsl_debug_console.o
 .debug_aranges
                0x000000a0       0x20 ./startup/startup_MKL46Z4.o
 .debug_aranges
                0x000000c0       0x28 ./startup/system_MKL46Z4.o
 .debug_aranges
                0x000000e8       0x88 ./source/main.o
 .debug_aranges
                0x00000170       0x58 ./hal_key/hal_key.o
 .debug_aranges
                0x000001c8       0x80 ./gizwits/gizwits_product.o
 .debug_aranges
                0x00000248      0x160 ./gizwits/gizwits_protocol.o
 .debug_aranges
                0x000003a8      0x1d8 ./drivers/fsl_clock.o
 .debug_aranges
                0x00000580       0x28 ./drivers/fsl_common.o
 .debug_aranges
                0x000005a8       0xd0 ./drivers/fsl_dma.o
 .debug_aranges
                0x00000678       0x68 ./drivers/fsl_gpio.o
 .debug_aranges
                0x000006e0      0x170 ./drivers/fsl_i2c.o
 .debug_aranges
                0x00000850      0x128 ./drivers/fsl_lpsci.o
 .debug_aranges
                0x00000978      0x150 ./drivers/fsl_sai.o
 .debug_aranges
                0x00000ac8      0x120 ./drivers/fsl_spi.o
 .debug_aranges
                0x00000be8      0x140 ./drivers/fsl_uart.o
 .debug_aranges
                0x00000d28       0x28 ./board/board.o
 .debug_aranges
                0x00000d50       0x48 ./board/clock_config.o
 .debug_aranges
                0x00000d98       0x30 ./board/pin_mux.o

.debug_ranges   0x00000000      0xc88
 .debug_ranges  0x00000000       0x90 ./utilities/fsl_debug_console.o
 .debug_ranges  0x00000090       0x18 ./startup/system_MKL46Z4.o
 .debug_ranges  0x000000a8       0x78 ./source/main.o
 .debug_ranges  0x00000120       0x48 ./hal_key/hal_key.o
 .debug_ranges  0x00000168       0x70 ./gizwits/gizwits_product.o
 .debug_ranges  0x000001d8      0x150 ./gizwits/gizwits_protocol.o
 .debug_ranges  0x00000328      0x1c8 ./drivers/fsl_clock.o
 .debug_ranges  0x000004f0       0x18 ./drivers/fsl_common.o
 .debug_ranges  0x00000508       0xc0 ./drivers/fsl_dma.o
 .debug_ranges  0x000005c8       0x58 ./drivers/fsl_gpio.o
 .debug_ranges  0x00000620      0x160 ./drivers/fsl_i2c.o
 .debug_ranges  0x00000780      0x118 ./drivers/fsl_lpsci.o
 .debug_ranges  0x00000898      0x140 ./drivers/fsl_sai.o
 .debug_ranges  0x000009d8      0x110 ./drivers/fsl_spi.o
 .debug_ranges  0x00000ae8      0x130 ./drivers/fsl_uart.o
 .debug_ranges  0x00000c18       0x18 ./board/board.o
 .debug_ranges  0x00000c30       0x38 ./board/clock_config.o
 .debug_ranges  0x00000c68       0x20 ./board/pin_mux.o

.debug_macro    0x00000000     0xd96d
 .debug_macro   0x00000000      0x1fb ./utilities/fsl_debug_console.o
 .debug_macro   0x000001fb      0x80e ./utilities/fsl_debug_console.o
 .debug_macro   0x00000a09       0x58 ./utilities/fsl_debug_console.o
 .debug_macro   0x00000a61       0x58 ./utilities/fsl_debug_console.o
 .debug_macro   0x00000ab9       0x16 ./utilities/fsl_debug_console.o
 .debug_macro   0x00000acf       0x35 ./utilities/fsl_debug_console.o
 .debug_macro   0x00000b04       0xa3 ./utilities/fsl_debug_console.o
 .debug_macro   0x00000ba7       0x16 ./utilities/fsl_debug_console.o
 .debug_macro   0x00000bbd      0x10e ./utilities/fsl_debug_console.o
 .debug_macro   0x00000ccb       0x7f ./utilities/fsl_debug_console.o
 .debug_macro   0x00000d4a       0x4a ./utilities/fsl_debug_console.o
 .debug_macro   0x00000d94       0x52 ./utilities/fsl_debug_console.o
 .debug_macro   0x00000de6       0x16 ./utilities/fsl_debug_console.o
 .debug_macro   0x00000dfc       0x43 ./utilities/fsl_debug_console.o
 .debug_macro   0x00000e3f      0x180 ./utilities/fsl_debug_console.o
 .debug_macro   0x00000fbf       0x16 ./utilities/fsl_debug_console.o
 .debug_macro   0x00000fd5       0x29 ./utilities/fsl_debug_console.o
 .debug_macro   0x00000ffe      0x1e1 ./utilities/fsl_debug_console.o
 .debug_macro   0x000011df       0x16 ./utilities/fsl_debug_console.o
 .debug_macro   0x000011f5       0x22 ./utilities/fsl_debug_console.o
 .debug_macro   0x00001217      0x20f ./utilities/fsl_debug_console.o
 .debug_macro   0x00001426      0x2a6 ./utilities/fsl_debug_console.o
 .debug_macro   0x000016cc       0x10 ./utilities/fsl_debug_console.o
 .debug_macro   0x000016dc       0x35 ./utilities/fsl_debug_console.o
 .debug_macro   0x00001711       0x1f ./utilities/fsl_debug_console.o
 .debug_macro   0x00001730       0x10 ./utilities/fsl_debug_console.o
 .debug_macro   0x00001740       0x3f ./utilities/fsl_debug_console.o
 .debug_macro   0x0000177f       0x3a ./utilities/fsl_debug_console.o
 .debug_macro   0x000017b9       0x26 ./utilities/fsl_debug_console.o
 .debug_macro   0x000017df      0x329 ./utilities/fsl_debug_console.o
 .debug_macro   0x00001b08       0x36 ./utilities/fsl_debug_console.o
 .debug_macro   0x00001b3e     0x87ea ./utilities/fsl_debug_console.o
 .debug_macro   0x0000a328     0x13c2 ./utilities/fsl_debug_console.o
 .debug_macro   0x0000b6ea       0x2e ./utilities/fsl_debug_console.o
 .debug_macro   0x0000b718       0x10 ./utilities/fsl_debug_console.o
 .debug_macro   0x0000b728       0xf1 ./utilities/fsl_debug_console.o
 .debug_macro   0x0000b819       0x35 ./utilities/fsl_debug_console.o
 .debug_macro   0x0000b84e       0x3a ./utilities/fsl_debug_console.o
 .debug_macro   0x0000b888       0x10 ./utilities/fsl_debug_console.o
 .debug_macro   0x0000b898       0x9a ./startup/system_MKL46Z4.o
 .debug_macro   0x0000b932       0x44 ./startup/system_MKL46Z4.o
 .debug_macro   0x0000b976      0x2d0 ./source/main.o
 .debug_macro   0x0000bc46       0x16 ./source/main.o
 .debug_macro   0x0000bc5c      0x143 ./source/main.o
 .debug_macro   0x0000bd9f       0x40 ./source/main.o
 .debug_macro   0x0000bddf       0x10 ./source/main.o
 .debug_macro   0x0000bdef       0x1c ./source/main.o
 .debug_macro   0x0000be0b       0x4c ./source/main.o
 .debug_macro   0x0000be57       0x10 ./source/main.o
 .debug_macro   0x0000be67       0x5e ./source/main.o
 .debug_macro   0x0000bec5       0x16 ./source/main.o
 .debug_macro   0x0000bedb      0x208 ./hal_key/hal_key.o
 .debug_macro   0x0000c0e3       0x10 ./hal_key/hal_key.o
 .debug_macro   0x0000c0f3      0x24a ./gizwits/gizwits_product.o
 .debug_macro   0x0000c33d      0x250 ./gizwits/gizwits_protocol.o
 .debug_macro   0x0000c58d      0x23f ./drivers/fsl_clock.o
 .debug_macro   0x0000c7cc      0x192 ./drivers/fsl_common.o
 .debug_macro   0x0000c95e      0x18f ./drivers/fsl_dma.o
 .debug_macro   0x0000caed      0x18f ./drivers/fsl_gpio.o
 .debug_macro   0x0000cc7c      0x18e ./drivers/fsl_i2c.o
 .debug_macro   0x0000ce0a       0x10 ./drivers/fsl_i2c.o
 .debug_macro   0x0000ce1a      0x18f ./drivers/fsl_lpsci.o
 .debug_macro   0x0000cfa9      0x18e ./drivers/fsl_sai.o
 .debug_macro   0x0000d137       0x11 ./drivers/fsl_sai.o
 .debug_macro   0x0000d148      0x18e ./drivers/fsl_spi.o
 .debug_macro   0x0000d2d6       0x10 ./drivers/fsl_spi.o
 .debug_macro   0x0000d2e6      0x195 ./drivers/fsl_uart.o
 .debug_macro   0x0000d47b      0x1c3 ./board/board.o
 .debug_macro   0x0000d63e      0x19c ./board/clock_config.o
 .debug_macro   0x0000d7da      0x193 ./board/pin_mux.o

.debug_line     0x00000000     0x73c6
 .debug_line    0x00000000      0x7e2 ./utilities/fsl_debug_console.o
 .debug_line    0x000007e2       0xcc ./startup/startup_MKL46Z4.o
 .debug_line    0x000008ae      0x263 ./startup/system_MKL46Z4.o
 .debug_line    0x00000b11      0x596 ./source/main.o
 .debug_line    0x000010a7      0x4c8 ./hal_key/hal_key.o
 .debug_line    0x0000156f      0x577 ./gizwits/gizwits_product.o
 .debug_line    0x00001ae6      0x9f9 ./gizwits/gizwits_protocol.o
 .debug_line    0x000024df      0xa75 ./drivers/fsl_clock.o
 .debug_line    0x00002f54      0x38a ./drivers/fsl_common.o
 .debug_line    0x000032de      0x5ef ./drivers/fsl_dma.o
 .debug_line    0x000038cd      0x42b ./drivers/fsl_gpio.o
 .debug_line    0x00003cf8      0xa77 ./drivers/fsl_i2c.o
 .debug_line    0x0000476f      0x878 ./drivers/fsl_lpsci.o
 .debug_line    0x00004fe7      0x89f ./drivers/fsl_sai.o
 .debug_line    0x00005886      0x7fd ./drivers/fsl_spi.o
 .debug_line    0x00006083      0x877 ./drivers/fsl_uart.o
 .debug_line    0x000068fa      0x39e ./board/board.o
 .debug_line    0x00006c98      0x3c5 ./board/clock_config.o
 .debug_line    0x0000705d      0x369 ./board/pin_mux.o

.debug_str      0x00000000    0x54170
 .debug_str     0x00000000    0x4c1c9 ./utilities/fsl_debug_console.o
                              0x4c642 (size before relaxing)
 .debug_str     0x0004c1c9      0x157 ./startup/system_MKL46Z4.o
                              0x4815b (size before relaxing)
 .debug_str     0x0004c320     0x1f02 ./source/main.o
                              0x4dd96 (size before relaxing)
 .debug_str     0x0004e222      0x304 ./hal_key/hal_key.o
                              0x4ceb6 (size before relaxing)
 .debug_str     0x0004e526      0x462 ./gizwits/gizwits_product.o
                              0x4c9f7 (size before relaxing)
 .debug_str     0x0004e988      0x9b2 ./gizwits/gizwits_protocol.o
                              0x4ccd4 (size before relaxing)
 .debug_str     0x0004f33a     0x154d ./drivers/fsl_clock.o
                              0x4cb90 (size before relaxing)
 .debug_str     0x00050887       0xc0 ./drivers/fsl_common.o
                              0x4b20a (size before relaxing)
 .debug_str     0x00050947      0x787 ./drivers/fsl_dma.o
                              0x4bdfd (size before relaxing)
 .debug_str     0x000510ce       0xc5 ./drivers/fsl_gpio.o
                              0x4b3ff (size before relaxing)
 .debug_str     0x00051193      0xbce ./drivers/fsl_i2c.o
                              0x4c2dd (size before relaxing)
 .debug_str     0x00051d61      0x94e ./drivers/fsl_lpsci.o
                              0x4c184 (size before relaxing)
 .debug_str     0x000526af      0x944 ./drivers/fsl_sai.o
                              0x4c087 (size before relaxing)
 .debug_str     0x00052ff3      0x8c9 ./drivers/fsl_spi.o
                              0x4c029 (size before relaxing)
 .debug_str     0x000538bc      0x585 ./drivers/fsl_uart.o
                              0x4c1a9 (size before relaxing)
 .debug_str     0x00053e41       0x4c ./board/board.o
                              0x4b9a8 (size before relaxing)
 .debug_str     0x00053e8d      0x2c1 ./board/clock_config.o
                              0x4b901 (size before relaxing)
 .debug_str     0x0005414e       0x22 ./board/pin_mux.o
                              0x4b151 (size before relaxing)

.comment        0x00000000       0x70
 .comment       0x00000000       0x70 ./utilities/fsl_debug_console.o
                                 0x71 (size before relaxing)
 .comment       0x00000000       0x71 ./startup/system_MKL46Z4.o
 .comment       0x00000000       0x71 ./source/main.o
 .comment       0x00000000       0x71 ./hal_key/hal_key.o
 .comment       0x00000000       0x71 ./gizwits/gizwits_product.o
 .comment       0x00000000       0x71 ./gizwits/gizwits_protocol.o
 .comment       0x00000000       0x71 ./drivers/fsl_clock.o
 .comment       0x00000000       0x71 ./drivers/fsl_common.o
 .comment       0x00000000       0x71 ./drivers/fsl_dma.o
 .comment       0x00000000       0x71 ./drivers/fsl_gpio.o
 .comment       0x00000000       0x71 ./drivers/fsl_i2c.o
 .comment       0x00000000       0x71 ./drivers/fsl_lpsci.o
 .comment       0x00000000       0x71 ./drivers/fsl_sai.o
 .comment       0x00000000       0x71 ./drivers/fsl_spi.o
 .comment       0x00000000       0x71 ./drivers/fsl_uart.o
 .comment       0x00000000       0x71 ./board/board.o
 .comment       0x00000000       0x71 ./board/clock_config.o
 .comment       0x00000000       0x71 ./board/pin_mux.o

.debug_frame    0x00000000     0x3280
 .debug_frame   0x00000000      0x22c ./utilities/fsl_debug_console.o
 .debug_frame   0x0000022c       0x4c ./startup/system_MKL46Z4.o
 .debug_frame   0x00000278      0x1bc ./source/main.o
 .debug_frame   0x00000434      0x110 ./hal_key/hal_key.o
 .debug_frame   0x00000544      0x1ac ./gizwits/gizwits_product.o
 .debug_frame   0x000006f0      0x53c ./gizwits/gizwits_protocol.o
 .debug_frame   0x00000c2c      0x6d8 ./drivers/fsl_clock.o
 .debug_frame   0x00001304       0x50 ./drivers/fsl_common.o
 .debug_frame   0x00001354      0x2e0 ./drivers/fsl_dma.o
 .debug_frame   0x00001634      0x150 ./drivers/fsl_gpio.o
 .debug_frame   0x00001784      0x568 ./drivers/fsl_i2c.o
 .debug_frame   0x00001cec      0x44c ./drivers/fsl_lpsci.o
 .debug_frame   0x00002138      0x4ec ./drivers/fsl_sai.o
 .debug_frame   0x00002624      0x428 ./drivers/fsl_spi.o
 .debug_frame   0x00002a4c      0x4a0 ./drivers/fsl_uart.o
 .debug_frame   0x00002eec       0x50 ./board/board.o
 .debug_frame   0x00002f3c       0xc4 ./board/clock_config.o
 .debug_frame   0x00003000       0x6c ./board/pin_mux.o
 .debug_frame   0x0000306c       0x20 c:/freescale/kds_v3/toolchain/bin/../lib/gcc/arm-none-eabi/4.8.4/armv6-m\libgcc.a(_udivsi3.o)
 .debug_frame   0x0000308c       0x20 c:/freescale/kds_v3/toolchain/bin/../lib/gcc/arm-none-eabi/4.8.4/armv6-m\libgcc.a(_divsi3.o)
 .debug_frame   0x000030ac       0x30 c:/freescale/kds_v3/toolchain/bin/../lib/gcc/arm-none-eabi/4.8.4/armv6-m\libgcc.a(_muldi3.o)
 .debug_frame   0x000030dc       0x50 c:/freescale/kds_v3/toolchain/bin/../lib/gcc/arm-none-eabi/4.8.4/armv6-m\libgcc.a(bpabi.o)
 .debug_frame   0x0000312c       0x3c c:/freescale/kds_v3/toolchain/bin/../lib/gcc/arm-none-eabi/4.8.4/armv6-m\libgcc.a(_divdi3.o)
 .debug_frame   0x00003168       0x3c c:/freescale/kds_v3/toolchain/bin/../lib/gcc/arm-none-eabi/4.8.4/armv6-m\libgcc.a(_udivdi3.o)
 .debug_frame   0x000031a4       0x28 c:/freescale/kds_v3/toolchain/bin/../lib/gcc/arm-none-eabi/4.8.4/../../../../arm-none-eabi/lib/armv6-m\libg_s.a(lib_a-exit.o)
 .debug_frame   0x000031cc       0x2c c:/freescale/kds_v3/toolchain/bin/../lib/gcc/arm-none-eabi/4.8.4/../../../../arm-none-eabi/lib/armv6-m\libg_s.a(lib_a-init.o)
 .debug_frame   0x000031f8       0x28 c:/freescale/kds_v3/toolchain/bin/../lib/gcc/arm-none-eabi/4.8.4/../../../../arm-none-eabi/lib/armv6-m\libg_s.a(lib_a-memcpy-stub.o)
 .debug_frame   0x00003220       0x20 c:/freescale/kds_v3/toolchain/bin/../lib/gcc/arm-none-eabi/4.8.4/../../../../arm-none-eabi/lib/armv6-m\libg_s.a(lib_a-memset.o)
 .debug_frame   0x00003240       0x20 c:/freescale/kds_v3/toolchain/bin/../lib/gcc/arm-none-eabi/4.8.4/../../../../arm-none-eabi/lib/armv6-m\libg_s.a(lib_a-strlen.o)
 .debug_frame   0x00003260       0x20 c:/freescale/kds_v3/toolchain/bin/../lib/gcc/arm-none-eabi/4.8.4/../../../../arm-none-eabi/lib/armv6-m\libnosys.a(_exit.o)
